// Jest Snapshot v1, https://goo.gl/fbAQLP

exports[`ReactTestUtils Simulate should have locally attached media events 1`] = `
Array [
  "animationEnd",
  "animationIteration",
  "animationStart",
  "blur",
  "change",
  "click",
  "contextMenu",
  "doubleClick",
  "drag",
  "dragEnd",
  "dragEnter",
  "dragExit",
  "dragLeave",
  "dragOver",
  "dragStart",
  "drop",
  "error",
  "focus",
  "input",
  "keyDown",
  "keyPress",
  "keyUp",
  "load",
  "mouseDown",
  "mouseEnter",
  "mouseLeave",
  "mouseMove",
  "mouseOut",
  "mouseOver",
  "mouseUp",
  "submit",
  "touchCancel",
  "touchEnd",
  "touchMove",
  "touchStart",
  "transitionEnd",
]
`;
